../Core/Src/CLCD.c:50:6:lcd_Init	16	static
../Core/Src/CLCD.c:123:6:lcd_clear	8	static
../Core/Src/CLCD.c:129:6:lcd_home	8	static
../Core/Src/CLCD.c:135:6:lcd_setCursor	24	static
../Core/Src/CLCD.c:145:6:lcd_noDisplay	8	static
../Core/Src/CLCD.c:150:6:lcd_display	8	static
../Core/Src/CLCD.c:155:6:lcd_noCursor	8	static
../Core/Src/CLCD.c:159:6:lcd_cursor	8	static
../Core/Src/CLCD.c:164:6:lcd_noBlink	8	static
../Core/Src/CLCD.c:168:6:lcd_blink	8	static
../Core/Src/CLCD.c:173:6:lcd_scrollDisplayLeft	8	static
../Core/Src/CLCD.c:176:6:lcd_scrollDisplayRight	8	static
../Core/Src/CLCD.c:180:6:lcd_leftToRight	8	static
../Core/Src/CLCD.c:185:6:lcd_rightToLeft	8	static
../Core/Src/CLCD.c:190:6:lcd_autoscroll	8	static
../Core/Src/CLCD.c:195:6:lcd_noAutoscroll	8	static
../Core/Src/CLCD.c:200:6:lcd_createChar	24	static
../Core/Src/CLCD.c:209:6:lcd_putchar	16	static
../Core/Src/CLCD.c:213:6:lcd_string	16	static
../Core/Src/CLCD.c:219:6:lcd_setCurStr	16	static
../Core/Src/CLCD.c:225:6:command	16	static
../Core/Src/CLCD.c:229:8:write	16	static
../Core/Src/CLCD.c:234:6:delay_us	16	static
../Core/Src/CLCD.c:239:6:send	16	static
../Core/Src/CLCD.c:251:6:pulseEnable	8	static
../Core/Src/CLCD.c:261:6:write4bits	24	static
