../Core/Src/GPS_Data_Repeater.c:15:6:Time_CAL_GPS	16	static
../Core/Src/GPS_Data_Repeater.c:34:6:Time_CAL_RTC	16	static
../Core/Src/GPS_Data_Repeater.c:48:6:Time_Calibration	48	static
../Core/Src/GPS_Data_Repeater.c:71:6:lcd_TimeDP	72	static
../Core/Src/GPS_Data_Repeater.c:80:6:lcd_Time_ValidDP	16	static
../Core/Src/GPS_Data_Repeater.c:89:6:lcd_Node_CountDP	8	static
../Core/Src/GPS_Data_Repeater.c:94:6:lcd_Temp_HumDP	72	static
../Core/Src/GPS_Data_Repeater.c:111:6:lcd_VinDP	80	static
../Core/Src/GPS_Data_Repeater.c:128:6:Display	16	static
../Core/Src/GPS_Data_Repeater.c:137:6:send_Data	24	static
../Core/Src/GPS_Data_Repeater.c:151:6:ATmega328p_Reset	8	static
../Core/Src/GPS_Data_Repeater.c:168:6:SubMCU_Check	16	static
